// Jest Snapshot v1, https://goo.gl/fbAQLP

exports[`Prueba en <FirstApp /> Debe hacer match con el snapshot 1`] = `
<div>
  <h2>
    bienvenido lautaro
  </h2>
  <h3>
    Valle LÃ³pez
  </h3>
  <h4>
    Este es mi titulo
  </h4>
</div>
`;
